[backblue.gif]
[fade.gif]
[index.html]
[i.cdn.turner.com/cnn/.element/img/3.0/global/header/hdr-arrow.jpg]
[i.cdn.turner.com/cnn/.element/img/3.0/global/header/hdr-close.jpg]
[i.cdn.turner.com/cnn/.element/img/3.0/global/header/intl/hdr-globe-central.gif]
[i.cdn.turner.com/cnn/.element/img/3.0/search/btn_search_hp_text.gif]
[i.cdn.turner.com/cnn/.element/img/2.0/mosaic/base_skins/baseplate/corner_dg_TL.gif]
[i.cdn.turner.com/cnn/.element/img/2.0/mosaic/base_skins/baseplate/corner_wire_TL.gif]
[i.cdn.turner.com/cnn/.element/img/2.0/global/go_btn.gif]
[i.cdn.turner.com/cnn/.element/img/2.0/mosaic/base_skins/baseplate/corner_dg_BL.gif]
[i.cdn.turner.com/cnn/.element/img/2.0/mosaic/base_skins/baseplate/corner_wire_BL.gif]
[i.cdn.turner.com/cnn/.element/img/2.0/weather/04/04.gif]
[i.cdn.turner.com/cnn/.element/img/2.0/weather/03/35.gif]
[i.cdn.turner.com/cnn/.element/img/2.0/weather/03/04.gif]
[i.cdn.turner.com/cnn/images/1.gif]
[i.cdn.turner.com/cnn/.element/img/2.0/weather/03/01.gif]
[i.cdn.turner.com/cnn/.element/img/2.0/weather/1x1pixel.gif]
[i.cdn.turner.com/cnn/.element/img/2.0/mosaic/base_skins/baseplate/corner_wire_BR.gif]
[i.cdn.turner.com/cnn/.element/img/2.0/weather/for_img.jpg]
[i.cdn.turner.com/cnn/.element/img/2.0/weather/tmp_img.jpg]
[i.cdn.turner.com/cnn/.element/img/2.0/weather/sat_img.jpg]
[i.cdn.turner.com/cnn/.element/img/2.0/weather/rad_img.jpg]
[i.cdn.turner.com/cnn/.element/img/3.0/weather/maps/nxrd_cac.gif]
[i.cdn.turner.com/cnn/.element/img/2.0/mosaic/base_skins/right_rail/corner_tv_bl.gif]
[i.cdn.turner.com/cnn/.element/img/2.0/sect/ireport/ireport.gif]
[i.l.cnn.net/cnn/.element/img/2.0/mosaic/base_skins/baseplate/corner_wire_TL.gif]
[i.cdn.turner.com/cnn/.element/img/3.0/global/header/search-icon.gif]
[i.cdn.turner.com/cnn/.element/img/3.0/global/footer/2.Arabic.jpg]
[i.cdn.turner.com/cnn/.element/img/3.0/global/footer/3.Korean.jpg]
[i.cdn.turner.com/cnn/.element/img/3.0/global/footer/4.Japanese.jpg]
[i.cdn.turner.com/cnn/.element/img/3.0/global/footer/5.Turkish.jpg]
[i.cdn.turner.com/cnn/.element/img/3.0/global/footer/CNN.logo.gif]
[z.cdn.turner.com/cnn/.e/js/libs/jsmd-55.min.js]
[weather.edition.cnn.com/weather/intl/forecastee4c.html]
[i.cdn.turner.com/cnn/.element/img/2.0/mosaic/base_skins/baseplate/corner_dg_TR.gif]
[i.cdn.turner.com/cnn/.element/img/2.0/mosaic/base_skins/baseplate/corner_dg_BR.gif]
[i.cdn.turner.com/cnn/.element/img/2.0/mosaic/base_skins/right_rail/grey_corner_TR.gif]
[i.cdn.turner.com/cnn/.element/img/2.0/mosaic/base_skins/right_rail/grey_corner_BR.gif]
[i.cdn.turner.com/cnn/.element/img/2.0/mosaic/base_skins/baseplate/corner_wire_TR_bg.gif]
[i.cdn.turner.com/cnn/.element/img/2.0/mosaic/base_skins/baseplate/corner_wire_BR._bg.gif]
[i.cdn.turner.com/cnn/.element/img/2.0/mosaic/base_skins/adv_links/corner_dg_wht_tr.gif]
[i.cdn.turner.com/cnn/.element/img/2.0/mosaic/base_skins/adv_links/corner_dg_wht_br.gif]
[i.cdn.turner.com/cnn/.element/img/2.0/mosaic/base_skins/adv_links/corner_ltg_TR.gif]
[i.cdn.turner.com/cnn/.element/img/2.0/mosaic/base_skins/adv_links/corner_ltg_BR.gif]
[i.cdn.turner.com/cnn/.element/img/2.0/mosaic/base_skins/right_rail/corner_lg_TR.gif]
[i.cdn.turner.com/cnn/.element/img/2.0/mosaic/base_skins/right_rail/corner_lg_BR.gif]
[i.cdn.turner.com/cnn/.element/img/2.0/mosaic/base_skins/right_rail/corner_adv_ltg_tr.gif]
[i.cdn.turner.com/cnn/.element/img/2.0/mosaic/base_skins/right_rail/corner_adv_ltg_br.gif]
[i.cdn.turner.com/cnn/.element/img/2.0/mosaic/base_skins/specials/corner_sp_tr.gif]
[i.cdn.turner.com/cnn/.element/img/2.0/mosaic/base_skins/specials/corner_sp_br.gif]
[i.cdn.turner.com/cnn/.element/img/2.0/mosaic/base_skins/most_pop/mp_tr.gif]
[i.cdn.turner.com/cnn/.element/img/2.0/mosaic/base_skins/most_pop/mp_br.gif]
[i.cdn.turner.com/cnn/.element/img/2.0/global/set_edition/corner_se_tr_bg.gif]
[i.cdn.turner.com/cnn/.element/img/2.0/global/set_edition/corner_se_br_bg.gif]
[i.cdn.turner.com/cnn/.element/img/2.0/global/set_edition/corner_se_tr.elex.gif]
[i.cdn.turner.com/cnn/.element/img/2.0/global/set_edition/corner_se_br.elex.gif]
[i.cdn.turner.com/cnn/.element/img/2.0/mosaic/base_skins/right_rail/corner_tv_tr.gif]
[i.cdn.turner.com/cnn/.element/img/2.0/mosaic/base_skins/right_rail/corner_tv_br.gif]
[i.cdn.turner.com/cnn/.element/img/2.0/mosaic/base_skins/UGC/ugc_TR_bg.gif]
[i.cdn.turner.com/cnn/.element/img/2.0/mosaic/base_skins/UGC/ugc_BR_bg.gif]
[i.cdn.turner.com/cnn/.element/img/2.0/content/ireport_box/i-report_tr.gif]
[i.cdn.turner.com/cnn/.element/img/2.0/global/nav/footer/corner_footer_tr.gif]
[i.cdn.turner.com/cnn/.element/img/2.0/global/nav/footer/corner_footer_br.gif]
[i.cdn.turner.com/cnn/.element/img/2.0/mosaic/base_skins/baseplate/corner_br_ad9.gif]
[i.cdn.turner.com/cnn/.element/img/2.0/mosaic/base_skins/baseplate/corner_bl_ad9.gif]
[i.cdn.turner.com/cnn/.element/img/2.0/mosaic/base_skins/baseplate/corner_wire_sn_BR_bg.gif]
[i.cdn.turner.com/cnn/.element/img/2.0/mosaic/base_skins/right_rail/grey_corner_TL.gif]
[i.cdn.turner.com/cnn/.element/img/2.0/mosaic/base_skins/right_rail/grey_corner_BL.gif]
[i.cdn.turner.com/cnn/.element/img/2.0/mosaic/base_skins/adv_links/corner_ltg_TL.gif]
[i.cdn.turner.com/cnn/.element/img/2.0/mosaic/base_skins/adv_links/corner_ltg_BL.gif]
[i.cdn.turner.com/cnn/.element/img/2.0/mosaic/base_skins/right_rail/corner_adv_ltg_tl.gif]
[i.cdn.turner.com/cnn/.element/img/2.0/mosaic/base_skins/right_rail/corner_adv_ltg_bl.gif]
[i.cdn.turner.com/cnn/.element/img/2.0/mosaic/base_skins/right_rail/corner_tv_tl.gif]
[i.cdn.turner.com/cnn/.element/img/2.0/content/video_box/live_video_red_tr.gif]
[i.cdn.turner.com/cnn/.element/img/2.0/content/video_box/live_video_red_tl.gif]
[i.cdn.turner.com/cnn/.element/img/2.0/content/video_box/live_video_red_br.gif]
[i.cdn.turner.com/cnn/.element/img/2.0/content/video_box/live_video_red_bl.gif]
[i.cdn.turner.com/cnn/.element/img/2.0/mosaic/base_skins/most_pop/mp_tl.gif]
[i.cdn.turner.com/cnn/.element/img/2.0/mosaic/base_skins/most_pop/mp_bl.gif]
[i.cdn.turner.com/cnn/.element/img/2.0/mosaic/base_skins/specials/corner_sp_tl.gif]
[i.cdn.turner.com/cnn/.element/img/2.0/mosaic/base_skins/specials/corner_sp_bl.gif]
[i.cdn.turner.com/cnn/.element/img/2.0/mosaic/base_skins/UGC/ugc_TL.gif]
[i.cdn.turner.com/cnn/.element/img/2.0/mosaic/base_skins/UGC/ugc_BL.gif]
[i.cdn.turner.com/cnn/.element/img/2.0/content/ireport_box/i-report_tl.gif]
[i.cdn.turner.com/cnn/.element/img/2.0/mosaic/base_skins/right_rail/corner_lg_TL.gif]
[i.cdn.turner.com/cnn/.element/img/2.0/mosaic/base_skins/right_rail/corner_lg_BL.gif]
[i.cdn.turner.com/cnn/.element/img/2.0/global/nav/footer/corner_footer_tl.gif]
[i.cdn.turner.com/cnn/.element/img/2.0/global/nav/footer/corner_footer_bl.gif]
[i.cdn.turner.com/cnn/.element/img/2.0/global/dropdowns/shdw_center.png]
[i.cdn.turner.com/cnn/.element/img/2.0/global/dropdowns/shdw_TL.png]
[i.cdn.turner.com/cnn/.element/img/2.0/global/dropdowns/shdw_TR.png]
[i.cdn.turner.com/cnn/.element/img/2.0/global/dropdowns/shdw_BL.png]
[i.cdn.turner.com/cnn/.element/img/2.0/global/dropdowns/shdw_BR.png]
[i.cdn.turner.com/cnn/.element/img/2.0/global/icons/share_sprite.gif]
[i.cdn.turner.com/cnn/.element/img/2.0/global/nav/header/gray_arrow.gif]
[i.cdn.turner.com/cnn/.element/img/2.0/global/nav/header/header_most_popular_btn.gif]
[i.cdn.turner.com/cnn/.element/img/2.0/global/nav/header/ireport_icon.gif]
[i.cdn.turner.com/cnn/.element/img/2.0/global/nav/header/header_rss_btn.gif]
[i.cdn.turner.com/cnn/.element/img/2.0/global/nav/header/header_video_btn.gif]
[i.cdn.turner.com/cnn/.element/img/2.0/global/nav/header/header_mobile_btn.gif]
[i.cdn.turner.com/cnn/.element/img/2.0/global/nav/header/header_impact_btn.gif]
[i.cdn.turner.com/cnn/.element/img/2.0/global/nav/header/header_tv_btn.gif]
[i.cdn.turner.com/cnn/.element/img/2.0/weather/01/01.png]
[i.cdn.turner.com/cnn/.element/img/2.0/weather/01/02.png]
[i.cdn.turner.com/cnn/.element/img/2.0/weather/01/03.png]
[i.cdn.turner.com/cnn/.element/img/2.0/weather/01/04.png]
[i.cdn.turner.com/cnn/.element/img/2.0/weather/01/05.png]
[i.cdn.turner.com/cnn/.element/img/2.0/weather/01/06.png]
[i.cdn.turner.com/cnn/.element/img/2.0/weather/01/07.png]
[i.cdn.turner.com/cnn/.element/img/2.0/weather/01/08.png]
[i.cdn.turner.com/cnn/.element/img/2.0/weather/01/11.png]
[i.cdn.turner.com/cnn/.element/img/2.0/weather/01/12.png]
[i.cdn.turner.com/cnn/.element/img/2.0/weather/01/13.png]
[i.cdn.turner.com/cnn/.element/img/2.0/weather/01/14.png]
[i.cdn.turner.com/cnn/.element/img/2.0/weather/01/15.png]
[i.cdn.turner.com/cnn/.element/img/2.0/weather/01/16.png]
[i.cdn.turner.com/cnn/.element/img/2.0/weather/01/17.png]
[i.cdn.turner.com/cnn/.element/img/2.0/weather/01/18.png]
[i.cdn.turner.com/cnn/.element/img/2.0/weather/01/19.png]
[i.cdn.turner.com/cnn/.element/img/2.0/weather/01/20.png]
[i.cdn.turner.com/cnn/.element/img/2.0/weather/01/21.png]
[i.cdn.turner.com/cnn/.element/img/2.0/weather/01/22.png]
[i.cdn.turner.com/cnn/.element/img/2.0/weather/01/23.png]
[i.cdn.turner.com/cnn/.element/img/2.0/weather/01/24.png]
[i.cdn.turner.com/cnn/.element/img/2.0/weather/01/25.png]
[i.cdn.turner.com/cnn/.element/img/2.0/weather/01/26.png]
[i.cdn.turner.com/cnn/.element/img/2.0/weather/01/29.png]
[i.cdn.turner.com/cnn/.element/img/2.0/weather/01/30.png]
[i.cdn.turner.com/cnn/.element/img/2.0/weather/01/31.png]
[i.cdn.turner.com/cnn/.element/img/2.0/weather/01/32.png]
[i.cdn.turner.com/cnn/.element/img/2.0/weather/01/33.png]
[i.cdn.turner.com/cnn/.element/img/2.0/weather/01/34.png]
[i.cdn.turner.com/cnn/.element/img/2.0/weather/01/35.png]
[i.cdn.turner.com/cnn/.element/img/2.0/weather/01/36.png]
[i.cdn.turner.com/cnn/.element/img/2.0/weather/01/37.png]
[i.cdn.turner.com/cnn/.element/img/2.0/weather/01/38.png]
[i.cdn.turner.com/cnn/.element/img/2.0/weather/01/39.png]
[i.cdn.turner.com/cnn/.element/img/2.0/weather/01/40.png]
[i.cdn.turner.com/cnn/.element/img/2.0/weather/01/41.png]
[i.cdn.turner.com/cnn/.element/img/2.0/weather/01/42.png]
[i.cdn.turner.com/cnn/.element/img/2.0/weather/01/43.png]
[i.cdn.turner.com/cnn/.element/img/2.0/weather/01/44.png]
[i.cdn.turner.com/cnn/.element/img/2.0/global/red_bull.gif]
[i.cdn.turner.com/cnn/.element/img/2.0/sect/ireport/int_tr.gif]
[i.cdn.turner.com/cnn/.element/img/2.0/sect/ireport/int_tl.gif]
[i.cdn.turner.com/cnn/.element/img/2.0/sect/ireport/blue_tr.gif]
[i.cdn.turner.com/cnn/.element/img/2.0/sect/ireport/blue_tl.gif]
[i.cdn.turner.com/cnn/.element/img/2.0/sect/ireport/blue_br.gif]
[i.cdn.turner.com/cnn/.element/img/2.0/sect/ireport/blue_bl.gif]
[i.cdn.turner.com/cnn/.element/img/2.0/content/quick_vote/btn_vote.gif]
[i.cdn.turner.com/cnn/.element/img/2.0/content/live_news/banner_red_br.gif]
[i.cdn.turner.com/cnn/.element/img/2.0/content/live_news/elex/banner_red_br.gif]
[i.cdn.turner.com/cnn/.element/img/2.0/content/live_news/banner_red_tr.gif]
[i.cdn.turner.com/cnn/.element/img/2.0/content/live_news/elex/banner_red_tr.gif]
[i.cdn.turner.com/cnn/.element/img/2.0/content/live_news/banner_yellow_br.gif]
[i.cdn.turner.com/cnn/.element/img/2.0/content/live_news/elex/banner_yellow_br.gif]
[i.cdn.turner.com/cnn/.element/img/2.0/content/live_news/banner_yellow_tr.gif]
[i.cdn.turner.com/cnn/.element/img/2.0/content/live_news/elex/banner_yellow_tr.gif]
[i.cdn.turner.com/cnn/.element/img/2.0/content/live_news/banner_blue_br.gif]
[i.cdn.turner.com/cnn/.element/img/2.0/content/live_news/elex/banner_blue_br.gif]
[i.cdn.turner.com/cnn/.element/img/2.0/content/live_news/banner_blue_tr.gif]
[i.cdn.turner.com/cnn/.element/img/2.0/content/live_news/elex/banner_blue_tr.gif]
[i.cdn.turner.com/cnn/.element/img/2.0/content/live_news/live_elex/banner_blue_br.gif]
[i.cdn.turner.com/cnn/.element/img/2.0/content/live_news/live_elex/drk_banner_blue_br.gif]
[i.cdn.turner.com/cnn/.element/img/2.0/content/live_news/live_elex/banner_blue_tr.gif]
[i.cdn.turner.com/cnn/.element/img/2.0/content/live_news/live_elex/drk_banner_blue_tr.gif]
[i.cdn.turner.com/cnn/.element/img/2.0/content/live_news/banner_black_br.gif]
[i.cdn.turner.com/cnn/.element/img/2.0/content/live_news/elex/banner_black_br.gif]
[i.cdn.turner.com/cnn/.element/img/2.0/content/live_news/banner_black_tr.gif]
[i.cdn.turner.com/cnn/.element/img/2.0/content/live_news/elex/banner_black_tr.gif]
[i.cdn.turner.com/cnn/.element/img/2.0/content/live_news/live_elex/live_coverage.gif]
[i.cdn.turner.com/cnn/.element/img/2.0/content/live_news/live_elex/drk_live_coverage.gif]
[i.cdn.turner.com/cnn/.element/img/2.0/content/live_news/banner_red_left.gif]
[i.cdn.turner.com/cnn/.element/img/2.0/content/live_news/elex/banner_red_left.gif]
[i.cdn.turner.com/cnn/.element/img/2.0/content/live_news/banner_yellow_left.gif]
[i.cdn.turner.com/cnn/.element/img/2.0/content/live_news/elex/banner_yellow_left.gif]
[i.cdn.turner.com/cnn/.element/img/2.0/content/live_news/banner_blue_left.gif]
[i.cdn.turner.com/cnn/.element/img/2.0/content/live_news/elex/banner_blue_left.gif]
[i.cdn.turner.com/cnn/.element/img/2.0/content/live_news/banner_black_l.gif]
[i.cdn.turner.com/cnn/.element/img/2.0/content/live_news/elex/banner_black_l.gif]
[i.cdn.turner.com/cnn/.element/img/2.0/content/live_news/banner_black_l2.gif]
[i.cdn.turner.com/cnn/.element/img/2.0/content/live_news/elex/banner_black_l2.gif]
[i.cdn.turner.com/cnn/.element/img/2.0/content/live_news/banner_drkgry_br.gif]
[i.cdn.turner.com/cnn/.element/img/2.0/content/live_news/banner_drkgry_tr.gif]
[i.cdn.turner.com/cnn/.element/img/2.0/global/dropdowns/btn_wire_right.gif]
[i.cdn.turner.com/cnn/.element/img/2.0/global/dropdowns/btn_wire_left.gif]
[i.cdn.turner.com/cnn/.element/img/2.0/global/dropdowns/btn_ltg_right.gif]
[i.cdn.turner.com/cnn/.element/img/2.0/global/dropdowns/btn_ltg_left.gif]
[i.cdn.turner.com/cnn/.element/img/2.0/content/partners/cb/topcorners.gif]
[i.cdn.turner.com/cnn/.element/img/2.0/content/partners/cb/mainblock.gif]
[i.cdn.turner.com/cnn/.element/img/2.0/content/partners/cb/bottomcorners.gif]
[i.cdn.turner.com/cnn/.element/img/2.0/content/partners/cb336/cb_gray.gif]
[i.cdn.turner.com/cnn/.element/img/2.0/content/partners/cb336/mainblock.gif]
[i.cdn.turner.com/cnn/.element/img/2.0/content/partners/cnet/logo_cnet.gif]
[i.cdn.turner.com/cnn/.element/img/2.0/content/partners/cnet/logo_cnet_gray.gif]
[i.cdn.turner.com/cnn/.element/img/2.0/content/partners/cnet/feature.gif]
[i.cdn.turner.com/cnn/.element/img/2.0/content/partners/cnet/recent.gif]
[i.cdn.turner.com/cnn/.element/img/2.0/content/partners/cnet/bottom.gif]
[i.cdn.turner.com/cnn/.element/img/2.0/content/partners/cnet/feature_316.gif]
[i.cdn.turner.com/cnn/.element/img/2.0/content/partners/cnet/recent_316.gif]
[i.cdn.turner.com/cnn/.element/img/2.0/content/partners/cnet/feature_296.gif]
[i.cdn.turner.com/cnn/.element/img/2.0/content/partners/cnet/recent_296.gif]
[i.cdn.turner.com/cnn/.element/img/2.0/global/set_edition/se_bg.gif]
[i.cdn.turner.com/cnn/.element/img/2.0/global/nav/header/header_video_btn_drk.gif]
[i.cdn.turner.com/cnn/.element/img/2.0/global/nav/header/ireport_icon_drk.gif]
[i.cdn.turner.com/cnn/.element/img/2.0/global/nav/header/header_rss_btn_drk.gif]
[i.cdn.turner.com/cnn/.element/img/2.0/global/nav/header/header_impact_btn_drk.gif]
[i.cdn.turner.com/cnn/.element/img/2.0/sect/politics/two_balloons.gif]
[i.cdn.turner.com/cnn/.element/img/2.0/sect/health/flipper/flipper_bg.gif]
[i.cdn.turner.com/cnn/.element/css/2.0/common.css]
[i.cdn.turner.com/cnn/.element/img/2.0/weather/weather_menu_btn_bg.gif]
[i.cdn.turner.com/cnn/.element/img/2.0/weather/weather_menu_btnOn_bg.gif]
[i.cdn.turner.com/cnn/.element/img/2.0/weather/weather_header_bg.gif]
[i.cdn.turner.com/cnn/.element/img/3.0/global/icons/red.carrot.jpg]
[i.cdn.turner.com/cnn/.element/img/2.0/weather/world_weather_bottom.gif]
[i.cdn.turner.com/cnn/.element/img/2.0/weather/world_weather_bottomOn.gif]
[i.cdn.turner.com/cnn/.element/img/2.0/weather/allergyIE.gif]
[i.cdn.turner.com/cnn/.element/img/2.0/weather/weather_tab_bg.gif]
[i.cdn.turner.com/cnn/.element/img/2.0/weather/overall_bottom.gif]
[i.cdn.turner.com/cnn/.element/img/2.0/weather/grass_bottom.gif]
[i.cdn.turner.com/cnn/.element/img/2.0/weather/weed_bottom.gif]
[i.cdn.turner.com/cnn/.element/img/2.0/weather/tree_bottom.gif]
[i.cdn.turner.com/cnn/.element/img/2.0/weather/air_bottom.gif]
[i.cdn.turner.com/cnn/.element/img/2.0/weather/allergy_normal.gif]
[i.cdn.turner.com/cnn/.element/img/2.0/weather/allergy_hover.gif]
[i.cdn.turner.com/cnn/.element/img/2.0/weather/allergy_active.gif]
[i.cdn.turner.com/cnn/.element/img/2.0/weather/allergy_active2.gif]
[i.cdn.turner.com/cnn/.element/img/2.0/weather/weatherIE.gif]
[i.cdn.turner.com/cnn/.element/img/2.0/weather/bg_tab_last.gif]
[i.cdn.turner.com/cnn/.element/img/2.0/weather/bg_tab_first.gif]
[i.cdn.turner.com/cnn/.element/img/2.0/weather/bg_tab_second.gif]
[i.cdn.turner.com/cnn/.element/img/2.0/weather/bg_tab_third.gif]
[i.cdn.turner.com/cnn/.element/img/2.0/weather/bg_tab.gif]
[i.cdn.turner.com/cnn/.element/img/2.0/weather/bg_tab_on.gif]
[i.cdn.turner.com/cnn/.element/img/2.0/weather/bg_tab_current.gif]
[i.cdn.turner.com/cnn/.element/img/2.0/weather/bg_tab_current_first.gif]
[i.cdn.turner.com/cnn/.element/img/2.0/weather/bg_tab_current2.gif]
[i.cdn.turner.com/cnn/.element/img/2.0/weather/weatherIE_intl.gif]
[i.cdn.turner.com/cnn/.element/css/3.0/weather.css]
[i.cdn.turner.com/cnn/.element/img/3.0/profile/overlay_shadow.png]
[i.cdn.turner.com/cnn/.element/img/3.0/profile/close_btn.jpg]
[i.cdn.turner.com/cnn/.element/img/3.0/profile/avatar_default.gif]
[i.cdn.turner.com/cnn/.element/img/3.0/profile/sprite_profile.gif]
[i.cdn.turner.com/cnn/.element/img/3.0/profile/avatar_default_60x60.gif]
[i.cdn.turner.com/cnn/.element/img/3.0/profile/newsletter_arrow_off.gif]
[i.cdn.turner.com/cnn/.element/img/3.0/profile/newsletter_arrow_on.gif]
[i.cdn.turner.com/cnn/.element/img/3.0/profile/email_icon.gif]
[i.cdn.turner.com/cnn/.element/img/3.0/profile/32x32_green_check.jpg]
[i.cdn.turner.com/cnn/.element/img/3.0/global/buttons/fb_overlays_sprite.gif]
[i.cdn.turner.com/cnn/.element/img/3.0/global/overlay/newletters_sprite.gif]
[i.cdn.turner.com/cnn/.element/css/3.0/connect/overlay.css]
[i.cdn.turner.com/cnn/.element/js/3.0/protoaculous.1.8.2.min.js]
[i.cdn.turner.com/cnn/.element/js/3.0/main.js]
[i.cdn.turner.com/cnn/.element/js/3.0/weather.js]
[i.cdn.turner.com/cnn/.element/js/3.0/csiManager.js]
[connect.facebook.net/en_US/all.js]
[i.cdn.turner.com/cnn/.element/img/3.0/global/misc/loading.gif]
[i.cdn.turner.com/cnn/.element/js/3.0/connect/connect-lite.js]
[i.cdn.turner.com/cnn/.element/js/libs/cnn_adspaces.js]
[i.cdn.turner.com/cnn/.element/js/3.0/ais.js]
[i.cdn.turner.com/cnn/.element/img/3.0/global/header/hdr-search-google.gif]
[i.cdn.turner.com/cnn/.element/img/3.0/global/header/bg-nav.c.gif]
[i.cdn.turner.com/cnn/.element/img/3.0/global/red_bull.gif]
[i.cdn.turner.com/cnn/.element/img/3.0/global/footer/searchBar2.1.jpg]
[i.cdn.turner.com/cnn/.element/img/3.0/global/footer/PoweredByGoogle.jpg]
[i.cdn.turner.com/cnn/.element/img/3.0/search/bg_ftrsearchfield.lrg.gif]
[i.cdn.turner.com/cnn/.element/img/3.0/global/footer/pngs/arabic.png]
[i.cdn.turner.com/cnn/.element/img/3.0/global/footer/pngs/arabic_over.png]
[i.cdn.turner.com/cnn/.element/img/3.0/global/footer/pngs/korean.png]
[i.cdn.turner.com/cnn/.element/img/3.0/global/footer/pngs/korean_over.png]
[i.cdn.turner.com/cnn/.element/img/3.0/global/footer/pngs/japanese.png]
[i.cdn.turner.com/cnn/.element/img/3.0/global/footer/pngs/japanese_over.png]
[i.cdn.turner.com/cnn/.element/img/3.0/global/footer/pngs/turkish.png]
[i.cdn.turner.com/cnn/.element/img/3.0/global/footer/pngs/turkish_over.png]
[i.cdn.turner.com/cnn/.element/img/3.0/global/footer/pngs/blk/arabic.png]
[i.cdn.turner.com/cnn/.element/img/3.0/global/footer/pngs/blk/arabic_over.png]
[i.cdn.turner.com/cnn/.element/img/3.0/global/footer/pngs/blk/korean.png]
[i.cdn.turner.com/cnn/.element/img/3.0/global/footer/pngs/blk/korean_over.png]
[i.cdn.turner.com/cnn/.element/img/3.0/global/footer/pngs/blk/japanese.png]
[i.cdn.turner.com/cnn/.element/img/3.0/global/footer/pngs/blk/japanese_over.png]
[i.cdn.turner.com/cnn/.element/img/3.0/global/footer/pngs/blk/turkish.png]
[i.cdn.turner.com/cnn/.element/img/3.0/global/footer/pngs/blk/turkish_over.png]
[i.cdn.turner.com/cnn/.element/css/3.0/common_ref.css]
[i.cdn.turner.com/cnn/.element/img/2.0/weather/04/12.gif]
[i.cdn.turner.com/cnn/.element/img/2.0/weather/03/16.gif]
[i.cdn.turner.com/cnn/.element/img/2.0/weather/03/02.gif]
[i.cdn.turner.com/cnn/.element/img/3.0/weather/maps/nxrd_ga_.gif]
[weather.edition.cnn.com/weather/intl/forecastc277.html]
[weather.edition.cnn.com/weather/intl/GET.html]
[gdyn.cnn.com/1.1/1d41d.gif]
[i.cdn.turner.com/cnn/.element/js/2.0/ad_head0.js]
[i.cdn.turner.com/cnn/cnn_adspaces/cnn_adspaces.js]
[weather.edition.cnn.com/weather/intl/forecasteb0f.html]
[i.cdn.turner.com/cnn/.element/img/2.0/weather/04/01.gif]
[i.cdn.turner.com/cnn/.element/img/2.0/weather/03/12.gif]
[i.cdn.turner.com/cnn/.element/img/3.0/weather/maps/nxrd_ny_.gif]
[weather.edition.cnn.com/weather/intl/forecast205e.html]
[i.cdn.turner.com/cnn/.element/img/2.0/weather/04/07.gif]
[i.cdn.turner.com/cnn/.element/img/2.0/weather/03/42.gif]
[i.cdn.turner.com/cnn/.element/img/2.0/weather/03/15.gif]
[i.cdn.turner.com/cnn/.element/img/3.0/weather/maps/satusasiaf.gif]
[weather.edition.cnn.com/weather/intl/forecastc290.html]
[weather.edition.cnn.com/weather/intl/forecast8227.html]
[i.cdn.turner.com/cnn/.element/img/2.0/weather/03/33.gif]
[i.cdn.turner.com/cnn/.element/img/3.0/weather/maps/satusaustf.gif]
[weather.edition.cnn.com/weather/intl/forecastfed0.html]
[weather.edition.cnn.com/weather/intl/forecastfd41.html]
[weather.edition.cnn.com/weather/intl/forecast41ec.html]
[weather.edition.cnn.com/weather/intl/forecast619e.html]
[weather.edition.cnn.com/weather/intl/forecast908b.html]
[weather.edition.cnn.com/weather/intl/forecastbb47.html]
[weather.edition.cnn.com/weather/intl/forecastd885.html]
[z.cdn.turner.com/cnn/.e/js/libs/jsmd-55.min.js]
[weather.edition.cnn.com/weather/intl/AppleWebKit/index.html]
[weather.edition.cnn.com/weather/intl/RW_live_banner.html]
[weather.edition.cnn.com/weather/intl/data.html]
[connect.facebook.net/en_US/all.js]
[weather.edition.cnn.com/weather/intl/assertionConsumerUrl=http_/www.disqus.com/saml/cnn/logout/index.html]
[weather.edition.cnn.com/weather/intl/assertionConsumerUrl=http_/www.disqus.com/saml/cnn/postback/index.html]
[weather.edition.cnn.com/weather/intl/forecastbbf8.html]
[weather.edition.cnn.com/weather/intl/forecast9111.html]
[weather.edition.cnn.com/weather/intl/forecast6b69.html]
[weather.edition.cnn.com/weather/intl/forecastcc67.html]
[weather.edition.cnn.com/weather/intl/forecaste839.html]
[weather.edition.cnn.com/weather/intl/forecast3799.html]
[weather.edition.cnn.com/weather/intl/forecast9390.jsp]
[cnn.dyn.cnn.com/1d41d.gif]
